ARG    158 NH1  : SER    215 OG    ??? CB  
ARG    158 NH2  : GLU    258 OE2   ??? CD  
ARG    175 NH1  : SER    183 OG    ??? CB  
ARG    196 NH2  : SER    183 OG    ??? CB  
ARG    280 NE   : ASP    281 OD1  HE   CG  
ARG    282 NE   : SER    127 OG   HE   CB  
ASN    131 ND2  : TYR    126 OH    ??? CZ  
HIS    214 ND1  : ASP    207 OD1  HD1  CG  
LYS    132 NZ   : GLU    271 OE2   ??? CD  
LYS    132 NZ   : GLU    285 OE1   ??? CD  
SER    127 OG   : GLU    286 OE2   ??? CD  
THR    140 OG1  : GLU    198 OE1   ??? CD  
THR    155 OG1  : ASP    259 OD2   ??? CG  
THR    253 OG1  : TYR    236 OH    ??? CZ  
TRP    146 NE1  : GLN    144 OE1  HE1  CD  
TYR    236 OH   : THR    253 OG1   ??? CB  

*ARG    282 NH1  : THR    125 OG1   ??? CB        3.4A
*SER    260 OG   : ASP    259 OD1   ??? CG        2.95A
