Pseudoenergy of best quality hydrogen bond: 5.877736
Pseudoenergy of best quality hydrogen bond: 5.877736
